// Vitest Snapshot v1, https://vitest.dev/guide/snapshot.html

exports[`scene draw calls > draws each viewport state with the same calls 1`] = `
{
  "api focus with vectors": [
    "matrices",
    "useOverrideColor false",
    "lighting false",
    "lineWidth 1",
    "lines 0 6",
    "lighting true",
    "useOverrideColor false",
    "triangles 78 768",
    "lighting false",
    "useOverrideColor false",
    "useOverrideColor true",
    "lineWidth 3",
    "overrideColor 1,0.92,0.18",
    "lines 902 384",
    "useOverrideColor false",
    "depthMask true",
    "depthTest true",
    "useOverrideColor false",
    "lineWidth 2",
    "lines 2054 6",
  ],
  "api selected": [
    "matrices",
    "useOverrideColor false",
    "lighting false",
    "lineWidth 1",
    "lines 0 6",
    "lighting true",
    "useOverrideColor false",
    "triangles 6 24",
    "useOverrideColor false",
    "triangles 30 24",
    "useOverrideColor false",
    "triangles 54 24",
    "useOverrideColor false",
    "triangles 78 768",
    "lighting false",
    "useOverrideColor false",
    "useOverrideColor true",
    "lineWidth 3",
    "overrideColor 1,0.92,0.18",
    "lines 902 384",
    "useOverrideColor false",
    "depthMask true",
    "depthTest true",
    "useOverrideColor false",
  ],
  "connectors": [
    "matrices",
    "useOverrideColor false",
    "lighting false",
    "lineWidth 1",
    "lines 0 6",
    "lighting true",
    "useOverrideColor false",
    "triangles 6 24",
    "useOverrideColor false",
    "triangles 30 24",
    "useOverrideColor false",
    "triangles 54 24",
    "useOverrideColor false",
    "triangles 78 768",
    "lighting false",
    "useOverrideColor false",
    "depthMask true",
    "depthTest true",
    "useOverrideColor false",
    "useOverrideColor false",
    "lighting true",
    "triangles 2054 1536",
    "lighting false",
    "lineWidth 2",
    "depthTest false",
    "depthMask false",
    "lines 3590 274",
    "depthMask true",
    "depthTest true",
  ],
  "hovered mesh": [
    "matrices",
    "useOverrideColor false",
    "lighting false",
    "lineWidth 1",
    "lines 0 6",
    "lighting true",
    "useOverrideColor true",
    "overrideColor 1,0.7986,0.35",
    "triangles 6 24",
    "useOverrideColor true",
    "overrideColor 1,0.7986,0.35",
    "triangles 30 24",
    "useOverrideColor true",
    "overrideColor 1,0.7986,0.35",
    "triangles 54 24",
    "useOverrideColor false",
    "triangles 78 768",
    "lighting false",
    "useOverrideColor false",
    "useOverrideColor true",
    "lineWidth 3",
    "overrideColor 0.7,0.95,1",
    "lines 846 24",
    "overrideColor 0.7,0.95,1",
    "lines 870 16",
    "overrideColor 0.7,0.95,1",
    "lines 886 16",
    "useOverrideColor false",
    "depthMask true",
    "depthTest true",
    "useOverrideColor false",
  ],
  "scene": [
    "matrices",
    "useOverrideColor false",
    "lighting false",
    "lineWidth 1",
    "lines 0 6",
    "lighting true",
    "useOverrideColor false",
    "triangles 6 24",
    "useOverrideColor false",
    "triangles 30 24",
    "useOverrideColor false",
    "triangles 54 24",
    "useOverrideColor false",
    "triangles 78 768",
    "lighting false",
    "useOverrideColor false",
    "depthMask true",
    "depthTest true",
    "useOverrideColor false",
  ],
  "selected vector": [
    "matrices",
    "useOverrideColor false",
    "lighting false",
    "lineWidth 1",
    "lines 0 6",
    "lighting true",
    "useOverrideColor false",
    "triangles 78 768",
    "lighting false",
    "useOverrideColor false",
    "useOverrideColor true",
    "lineWidth 3",
    "overrideColor 1,0.92,0.18",
    "lines 902 384",
    "useOverrideColor false",
    "depthMask true",
    "depthTest true",
    "useOverrideColor false",
    "lineWidth 4",
    "lines 2054 6",
  ],
  "unite": [
    "matrices",
    "useOverrideColor false",
    "lighting false",
    "lineWidth 1",
    "lines 0 6",
    "depthTest false",
    "depthMask false",
    "lighting true",
    "opacity 0.27",
    "useOverrideColor false",
    "triangles 6 24",
    "opacity 0.27",
    "useOverrideColor false",
    "triangles 30 24",
    "opacity 0.27",
    "useOverrideColor false",
    "triangles 54 24",
    "opacity 0.27",
    "useOverrideColor false",
    "triangles 78 768",
    "opacity 1",
    "lighting false",
    "useOverrideColor false",
    "useOverrideColor true",
    "lineWidth 3",
    "overrideColor 1,0.92,0.18",
    "lines 902 384",
    "useOverrideColor false",
    "depthMask true",
    "depthTest true",
    "useOverrideColor false",
  ],
  "wireframe": [
    "matrices",
    "useOverrideColor false",
    "lighting false",
    "lineWidth 1",
    "lines 0 6",
    "depthTest false",
    "depthMask false",
    "lineWidth 1.4",
    "lines 846 24",
    "lines 870 16",
    "lines 886 16",
    "lines 902 384",
    "lines 1286 768",
    "useOverrideColor true",
    "lineWidth 3",
    "overrideColor 1,0.92,0.18",
    "lines 902 384",
    "useOverrideColor false",
    "depthMask true",
    "depthTest true",
    "useOverrideColor false",
  ],
}
`;
